// Jest Snapshot v1, https://goo.gl/fbAQLP

exports[`should render UserFollowers 1`] = `
<div
  className="user_followers"
>
  <div
    className="user_followers__stats"
  >
    <UserFollowersCounter
      userStats={
        Array [
          "Likes",
          300,
        ]
      }
    />
    <UserFollowersCounter
      userStats={
        Array [
          "Following",
          70,
        ]
      }
    />
    <UserFollowersCounter
      userStats={
        Array [
          "Followers",
          1100,
        ]
      }
    />
  </div>
  <button
    className="user_followers__button"
    onClick={[Function]}
  >
    Follow
  </button>
</div>
`;
