// Jest Snapshot v1, https://goo.gl/fbAQLP

exports[`should render UserHeader 1`] = `
<div
  className="user_header"
>
  <UserInfo
    toggleLike={[Function]}
  />
  <UserFollowers
    followers={
      Array [
        "Followers",
        4433,
      ]
    }
    following={
      Array [
        "Following",
        723,
      ]
    }
    likes={
      Array [
        "Likes",
        121,
      ]
    }
    toggleFollowers={[Function]}
  />
</div>
`;
